<?xml version="1.0" encoding="utf-8"?><testsuites><testsuite name="pytest" errors="0" failures="0" skipped="1" tests="111" time="24.549" timestamp="2025-12-05T01:10:41.206507-05:00" hostname="LAPTOP-EQJ8PI5C"><testcase classname="tests.e2e.test_fastapi_calculator" name="test_health_endpoint" time="4.241" /><testcase classname="tests.e2e.test_fastapi_calculator" name="test_user_registration" time="0.670" /><testcase classname="tests.e2e.test_fastapi_calculator" name="test_user_login" time="0.810" /><testcase classname="tests.e2e.test_fastapi_calculator" name="test_create_calculation_addition" time="0.730" /><testcase classname="tests.e2e.test_fastapi_calculator" name="test_create_calculation_subtraction" time="0.730" /><testcase classname="tests.e2e.test_fastapi_calculator" name="test_create_calculation_multiplication" time="0.735" /><testcase classname="tests.e2e.test_fastapi_calculator" name="test_create_calculation_division" time="0.726" /><testcase classname="tests.e2e.test_fastapi_calculator" name="test_create_calculation_power" time="0.775" /><testcase classname="tests.e2e.test_fastapi_calculator" name="test_list_get_update_delete_calculation" time="0.807" /><testcase classname="tests.e2e.test_fastapi_calculator" name="test_model_addition" time="0.017" /><testcase classname="tests.e2e.test_fastapi_calculator" name="test_model_subtraction" time="0.001" /><testcase classname="tests.e2e.test_fastapi_calculator" name="test_model_multiplication" time="0.003" /><testcase classname="tests.e2e.test_fastapi_calculator" name="test_model_division" time="0.005" /><testcase classname="tests.e2e.test_power_ui" name="test_power_calculation_ui" time="3.861" /><testcase classname="tests.e2e.test_power_ui" name="test_power_calculation_ui_invalid_input" time="2.887" /><testcase classname="tests.integration.test_calculation" name="test_addition_get_result" time="0.002" /><testcase classname="tests.integration.test_calculation" name="test_subtraction_get_result" time="0.001" /><testcase classname="tests.integration.test_calculation" name="test_multiplication_get_result" time="0.001" /><testcase classname="tests.integration.test_calculation" name="test_division_get_result" time="0.001" /><testcase classname="tests.integration.test_calculation" name="test_exponentiation_get_result" time="0.001" /><testcase classname="tests.integration.test_calculation" name="test_division_by_zero" time="0.003" /><testcase classname="tests.integration.test_calculation" name="test_calculation_factory_addition" time="0.002" /><testcase classname="tests.integration.test_calculation" name="test_calculation_factory_subtraction" time="0.002" /><testcase classname="tests.integration.test_calculation" name="test_calculation_factory_multiplication" time="0.001" /><testcase classname="tests.integration.test_calculation" name="test_calculation_factory_division" time="0.002" /><testcase classname="tests.integration.test_calculation" name="test_calculation_factory_power" time="0.002" /><testcase classname="tests.integration.test_calculation" name="test_calculation_factory_invalid_type" time="0.004" /><testcase classname="tests.integration.test_calculation" name="test_invalid_inputs_for_addition" time="0.004" /><testcase classname="tests.integration.test_calculation" name="test_invalid_inputs_for_subtraction" time="0.006" /><testcase classname="tests.integration.test_calculation" name="test_invalid_inputs_for_division" time="0.002" /><testcase classname="tests.integration.test_calculation" name="test_invalid_inputs_for_exponentiation" time="0.005" /><testcase classname="tests.integration.test_calculation_schema" name="test_calculation_create_valid" time="0.002" /><testcase classname="tests.integration.test_calculation_schema" name="test_calculation_create_missing_type" time="0.001" /><testcase classname="tests.integration.test_calculation_schema" name="test_calculation_create_missing_inputs" time="0.002" /><testcase classname="tests.integration.test_calculation_schema" name="test_calculation_create_invalid_inputs" time="0.001" /><testcase classname="tests.integration.test_calculation_schema" name="test_calculation_create_unsupported_type" time="0.002" /><testcase classname="tests.integration.test_calculation_schema" name="test_calculation_update_valid" time="0.001" /><testcase classname="tests.integration.test_calculation_schema" name="test_calculation_update_no_fields" time="0.002" /><testcase classname="tests.integration.test_calculation_schema" name="test_calculation_response_valid" time="0.002" /><testcase classname="tests.integration.test_database" name="test_base_declaration" time="0.008" /><testcase classname="tests.integration.test_database" name="test_get_engine_success" time="0.008" /><testcase classname="tests.integration.test_database" name="test_get_engine_failure" time="0.015" /><testcase classname="tests.integration.test_database" name="test_get_sessionmaker" time="0.012" /><testcase classname="tests.integration.test_dependencies" name="test_get_current_user_valid_token_existing_user" time="0.019" /><testcase classname="tests.integration.test_dependencies" name="test_get_current_user_invalid_token" time="0.003" /><testcase classname="tests.integration.test_dependencies" name="test_get_current_user_valid_token_incomplete_payload" time="0.003" /><testcase classname="tests.integration.test_dependencies" name="test_get_current_active_user_active" time="0.003" /><testcase classname="tests.integration.test_dependencies" name="test_get_current_active_user_inactive" time="0.003" /><testcase classname="tests.integration.test_schema_base" name="test_user_base_valid" time="0.003" /><testcase classname="tests.integration.test_schema_base" name="test_user_base_invalid_email" time="0.002" /><testcase classname="tests.integration.test_schema_base" name="test_password_mixin_valid" time="0.001" /><testcase classname="tests.integration.test_schema_base" name="test_password_mixin_invalid_short_password" time="0.001" /><testcase classname="tests.integration.test_schema_base" name="test_password_mixin_no_uppercase" time="0.006" /><testcase classname="tests.integration.test_schema_base" name="test_password_mixin_no_lowercase" time="0.005" /><testcase classname="tests.integration.test_schema_base" name="test_password_mixin_no_digit" time="0.005" /><testcase classname="tests.integration.test_schema_base" name="test_user_create_valid" time="0.002" /><testcase classname="tests.integration.test_schema_base" name="test_user_create_invalid_password" time="0.002" /><testcase classname="tests.integration.test_schema_base" name="test_user_login_valid" time="0.002" /><testcase classname="tests.integration.test_schema_base" name="test_user_login_invalid_username" time="0.001" /><testcase classname="tests.integration.test_schema_base" name="test_user_login_invalid_password" time="0.002" /><testcase classname="tests.integration.test_user" name="test_database_connection" time="0.007" /><testcase classname="tests.integration.test_user" name="test_managed_session" time="0.006" /><testcase classname="tests.integration.test_user" name="test_session_handling" time="0.051" /><testcase classname="tests.integration.test_user" name="test_create_user_with_faker" time="0.017" /><testcase classname="tests.integration.test_user" name="test_create_multiple_users" time="0.018" /><testcase classname="tests.integration.test_user" name="test_query_methods" time="0.035" /><testcase classname="tests.integration.test_user" name="test_transaction_rollback" time="0.009" /><testcase classname="tests.integration.test_user" name="test_update_with_refresh" time="0.026" /><testcase classname="tests.integration.test_user" name="test_bulk_operations" time="0.001"><skipped type="pytest.skip" message="use --run-slow to run">/home/solai/assignment_new_feature/Assignment-Complete-BREAD-Functionality-for-Calculations/tests/integration/test_user.py:217: use --run-slow to run</skipped></testcase><testcase classname="tests.integration.test_user" name="test_unique_email_constraint" time="0.015" /><testcase classname="tests.integration.test_user" name="test_unique_username_constraint" time="0.014" /><testcase classname="tests.integration.test_user" name="test_user_persistence_after_constraint" time="0.019" /><testcase classname="tests.integration.test_user" name="test_error_handling" time="0.004" /><testcase classname="tests.integration.test_user_auth" name="test_password_hashing" time="1.261" /><testcase classname="tests.integration.test_user_auth" name="test_user_registration" time="0.688" /><testcase classname="tests.integration.test_user_auth" name="test_duplicate_user_registration" time="0.341" /><testcase classname="tests.integration.test_user_auth" name="test_user_authentication" time="0.696" /><testcase classname="tests.integration.test_user_auth" name="test_user_last_login_update" time="0.687" /><testcase classname="tests.integration.test_user_auth" name="test_unique_email_username" time="0.363" /><testcase classname="tests.integration.test_user_auth" name="test_short_password_registration" time="0.004" /><testcase classname="tests.integration.test_user_auth" name="test_invalid_token" time="0.002" /><testcase classname="tests.integration.test_user_auth" name="test_token_creation_and_verification" time="0.340" /><testcase classname="tests.integration.test_user_auth" name="test_authenticate_with_email" time="0.758" /><testcase classname="tests.integration.test_user_auth" name="test_user_model_representation" time="0.024" /><testcase classname="tests.integration.test_user_auth" name="test_missing_password_registration" time="0.002" /><testcase classname="tests.unit.test_calculator" name="test_add[add_two_positive_integers]" time="0.003" /><testcase classname="tests.unit.test_calculator" name="test_add[add_two_negative_integers]" time="0.002" /><testcase classname="tests.unit.test_calculator" name="test_add[add_two_positive_floats]" time="0.002" /><testcase classname="tests.unit.test_calculator" name="test_add[add_negative_and_positive_float]" time="0.002" /><testcase classname="tests.unit.test_calculator" name="test_add[add_zeros]" time="0.002" /><testcase classname="tests.unit.test_calculator" name="test_subtract[subtract_two_positive_integers]" time="0.001" /><testcase classname="tests.unit.test_calculator" name="test_subtract[subtract_two_negative_integers]" time="0.003" /><testcase classname="tests.unit.test_calculator" name="test_subtract[subtract_two_positive_floats]" time="0.002" /><testcase classname="tests.unit.test_calculator" name="test_subtract[subtract_two_negative_floats]" time="0.002" /><testcase classname="tests.unit.test_calculator" name="test_subtract[subtract_zeros]" time="0.003" /><testcase classname="tests.unit.test_calculator" name="test_multiply[multiply_two_positive_integers]" time="0.002" /><testcase classname="tests.unit.test_calculator" name="test_multiply[multiply_negative_and_positive_integer]" time="0.002" /><testcase classname="tests.unit.test_calculator" name="test_multiply[multiply_two_positive_floats]" time="0.002" /><testcase classname="tests.unit.test_calculator" name="test_multiply[multiply_negative_float_and_positive_float]" time="0.002" /><testcase classname="tests.unit.test_calculator" name="test_multiply[multiply_zero_and_positive_integer]" time="0.002" /><testcase classname="tests.unit.test_calculator" name="test_power[power_positive_integers]" time="0.005" /><testcase classname="tests.unit.test_calculator" name="test_power[power_zero_exponent]" time="0.002" /><testcase classname="tests.unit.test_calculator" name="test_power[power_negative_exponent]" time="0.002" /><testcase classname="tests.unit.test_calculator" name="test_power[power_float_base]" time="0.002" /><testcase classname="tests.unit.test_calculator" name="test_power[power_negative_base]" time="0.003" /><testcase classname="tests.unit.test_calculator" name="test_divide[divide_two_positive_integers]" time="0.003" /><testcase classname="tests.unit.test_calculator" name="test_divide[divide_negative_integer_by_positive_integer]" time="0.002" /><testcase classname="tests.unit.test_calculator" name="test_divide[divide_two_positive_floats]" time="0.002" /><testcase classname="tests.unit.test_calculator" name="test_divide[divide_negative_float_by_positive_float]" time="0.003" /><testcase classname="tests.unit.test_calculator" name="test_divide[divide_zero_by_positive_integer]" time="0.002" /><testcase classname="tests.unit.test_calculator" name="test_divide_by_zero" time="0.367" /></testsuite></testsuites>